version https://git-lfs.github.com/spec/v1
oid sha256:42d2b01193f806303a247cf28f708e8734a2da2b28ee5677d28cce737dd550e9
size 309
