version https://git-lfs.github.com/spec/v1
oid sha256:b68b6ea23d1591bc0923f623cc5acd33af571651cfbded0725f4a6b453dd577b
size 192
