version https://git-lfs.github.com/spec/v1
oid sha256:b39438ad47b48aaea835bb268712b423b78df9e3b4610ad50de878ee0cc0d722
size 3246
