version https://git-lfs.github.com/spec/v1
oid sha256:76e0c5936999723ae993b684f7a7531a4b213e989b9e17f11977b2e67d78265d
size 48
