version https://git-lfs.github.com/spec/v1
oid sha256:d02c2e41646158c2bb9571159c15870c1e356a3c99d2ba12ef938c63a54d085e
size 34136
