version https://git-lfs.github.com/spec/v1
oid sha256:8f3738944d7cdf61bbb7057e65fe56a07520c80d880a3e7fbf11151a80366efb
size 176
