version https://git-lfs.github.com/spec/v1
oid sha256:9f8323a65ae7551819e3809a02fd165b0c285701e7d589edf6f6de46d155abe0
size 112
