version https://git-lfs.github.com/spec/v1
oid sha256:3130dc3c6e27e82d25e44e27727cdd63d383e13a1f05dd32ae3b2c76ab1bddfa
size 12208
