version https://git-lfs.github.com/spec/v1
oid sha256:d44e055f6a1ef0c9d9c5212ae8f31297cb0431c32c5178bc9b3eec783ea7fc58
size 144
