version https://git-lfs.github.com/spec/v1
oid sha256:23810bdb530d6fb40c003a6015978fb08335e80993cef1b33394b38eb85983cb
size 73918
