version https://git-lfs.github.com/spec/v1
oid sha256:cf4370517e20505df459790223fb32026bb30db0c280613e418831db50d4be2d
size 481
