version https://git-lfs.github.com/spec/v1
oid sha256:b4fc6efcc3a3d1cc9ad47164f58da1ac829f3e20ef0c0e2ba168753b583b34e2
size 901
