version https://git-lfs.github.com/spec/v1
oid sha256:32478b3092250d50bffb1c5959084e9ea304b6d3122c32fb171b6981e31c8eb1
size 513
