version https://git-lfs.github.com/spec/v1
oid sha256:22180c921e7281497486384db8a55f33d99fce78d98c31a8eb7ba91aad4a2066
size 402
