version https://git-lfs.github.com/spec/v1
oid sha256:bb7dc390e5d44c45f1babbbb46b59e8ec96e6758cace8ca677f2079a0ce3ebf3
size 1120
