version https://git-lfs.github.com/spec/v1
oid sha256:0c61fa35b6562a3b6e927aa5cebea12f86c8ad3e2ecd44c1cc73b260a4fc57a6
size 1167
