version https://git-lfs.github.com/spec/v1
oid sha256:0f6b72095c030813487b872ba3ce90b277dd9cda853d48bc8112dc16bd0db87c
size 473
