version https://git-lfs.github.com/spec/v1
oid sha256:6a1a1123a4a6449f7365f4412a297f73a400825b4b3673f37661e860bd67f6b9
size 2377
