version https://git-lfs.github.com/spec/v1
oid sha256:af51519adbf644fec45997977319f58bc4a5a420ab930e915e4dc8a29679abf9
size 1230
