version https://git-lfs.github.com/spec/v1
oid sha256:6d273ceb8ab78eadce8b69e7d9fa6fc80cbcac861e5e70ebb657df1c32ee94ce
size 112051
