version https://git-lfs.github.com/spec/v1
oid sha256:b266eae76178311fe68b925b0ef53c747d5727ecae603ded66eb19eb6359b4fa
size 382193
