version https://git-lfs.github.com/spec/v1
oid sha256:4200aaa2794e9c71a6073447cb485d1c7d46a9eb6132e0aa684c649095d4c2bf
size 313
