version https://git-lfs.github.com/spec/v1
oid sha256:080699cf30fd38583e8c2817d81a7bcc7340d4a4cfe7b973691b98755bde5fa2
size 224
