version https://git-lfs.github.com/spec/v1
oid sha256:12d6b5803b4a3695a1349aec986a4c668dca60b08a2727acffac5d8fc3be0e18
size 160
