version https://git-lfs.github.com/spec/v1
oid sha256:4b3194d2aedd090bcd88d8033d55c7288561074d5e6d731c27dbe57763e7645e
size 9733
