version https://git-lfs.github.com/spec/v1
oid sha256:ae4249430de1323145e6b263c53d57544e916320e573fc9bf06056ac57b67d2d
size 240
