version https://git-lfs.github.com/spec/v1
oid sha256:39d27927ffdd8daca0ee75ef58286804b6317f2e2f77c3e94863c8e4a990332f
size 96
