version https://git-lfs.github.com/spec/v1
oid sha256:dd5c8414adb7b362a0bfe5723c47d7f4b96e14ac0658f18d5c120c83e1f1b638
size 128
