version https://git-lfs.github.com/spec/v1
oid sha256:d38e810c7931e3dab1f659dcfb48c502b79a4f6f9bb0a432fbf35ca5bd13e59a
size 1539589
