version https://git-lfs.github.com/spec/v1
oid sha256:944cc4fc2dfc3552a2f0996a27a3a860afb82a7f46290db4ddae36440d151749
size 256
